---
source: core/src/parser/assembly/module.rs
assertion_line: 177
expression: module

---
source_filename = "hello.cc"
target datalayout = "e-m:e-p270:32:32-p271:32:32-p272:64:64-i64:64-f80:128-n8:16:32:64-S128"
target triple = "x86_64-pc-linux-gnu"

%"class.std::basic_ios" = type { %"class.std::ios_base", %"class.std::basic_ostream"*, i8, i8, %"class.std::basic_streambuf"*, %"class.std::ctype"*, %"class.std::num_put"*, %"class.std::num_get"* }
%"class.std::locale::facet.base" = type <{ i32 (...)**, i32 }>
%"class.std::num_put" = type { %"class.std::locale::facet.base", [4 x i8] }
%"class.std::ctype" = type <{ %"class.std::locale::facet.base", [4 x i8], %struct.__locale_struct*, i8, [7 x i8], i32*, i32*, i16*, i8, [256 x i8], [256 x i8], i8, [6 x i8] }>
%"class.std::basic_streambuf" = type { i32 (...)**, i8*, i8*, i8*, i8*, i8*, i8*, %"class.std::locale" }
%"class.std::num_get" = type { %"class.std::locale::facet.base", [4 x i8] }
%"class.std::ios_base" = type { i32 (...)**, i64, i64, i32, i32, i32, %"struct.std::ios_base::_Callback_list"*, %"struct.std::ios_base::_Words", [8 x %"struct.std::ios_base::_Words"], i32, %"struct.std::ios_base::_Words"*, %"class.std::locale" }
%"struct.std::ios_base::_Callback_list" = type { %"struct.std::ios_base::_Callback_list"*, void (i32, %"class.std::ios_base"*, i32)*, i32, i32 }
%"class.std::locale" = type { %"class.std::locale::_Impl"* }
%struct.__locale_struct = type { [13 x %struct.__locale_data*], i16*, i32*, i32*, [13 x i8*] }
%struct.__locale_data = type {  }
%"class.std::locale::facet" = type <{ i32 (...)**, i32, [4 x i8] }>
%"class.std::locale::_Impl" = type { i32, %"class.std::locale::facet"**, i64, %"class.std::locale::facet"**, i8** }
%"class.std::ios_base::Init" = type { i8 }
%"struct.std::ios_base::_Words" = type { i8*, i64 }
%"class.std::basic_ostream" = type { i32 (...)**, %"class.std::basic_ios" }
@_ZStL8__ioinit = internal global %"class.std::ios_base::Init" zeroinitializer, align 1
@.str = private unnamed_addr constant [6 x i8] c"hello\00", align 1
@_ZSt4cout = external dso_local global %"class.std::basic_ostream" , align 8
@llvm.global_ctors = appending global [1 x { i32, void ()*, i8* }] [{ i32, void ()*, i8* } { i32 65535, void ()* @_GLOBAL__sub_I_hello.cc, i8* null }]

define internal dso_preemptable default void @__cxx_global_var_init() #0 section ".text.startup" {
0:
    call void @_ZNSt8ios_base4InitC1Ev(%"class.std::ios_base::Init"* @_ZStL8__ioinit) 
    ret void
}

declare external dso_local default void @_ZNSt8ios_base4InitC1Ev(%"class.std::ios_base::Init"* %0) unnamed_addr #1 

declare external dso_local default void @_ZNSt8ios_base4InitD1Ev(%"class.std::ios_base::Init"* %0) unnamed_addr #2 

define internal dso_preemptable default void @__dtor__ZStL8__ioinit() #0 section ".text.startup" {
0:
    call void @_ZNSt8ios_base4InitD1Ev(%"class.std::ios_base::Init"* @_ZStL8__ioinit) 
    ret void
}

declare external dso_local default i32 @atexit(void ()* %0) #3 

define external dso_local default i32 @main() #4 {
0:
    %1 = alloca i32, i32 1, align 4
    store i32 0, i32* %1, align 4
    %2 = call dereferenceable(272) %"class.std::basic_ostream"* @_ZStlsISt11char_traitsIcEERSt13basic_ostreamIcT_ES5_PKc(%"class.std::basic_ostream"* dereferenceable(272) @_ZSt4cout, i8* getelementptr inbounds ([6 x i8], [6 x i8]* @.str, i64 0, i64 0)) 
    %3 = call dereferenceable(272) %"class.std::basic_ostream"* @_ZNSolsEPFRSoS_E(%"class.std::basic_ostream"* %2, %"class.std::basic_ostream"* (%"class.std::basic_ostream"*)* @_ZSt4endlIcSt11char_traitsIcEERSt13basic_ostreamIT_T0_ES6_) 
    ret i32 0
}

declare external dso_local default dereferenceable(272) %"class.std::basic_ostream"* @_ZStlsISt11char_traitsIcEERSt13basic_ostreamIcT_ES5_PKc(%"class.std::basic_ostream"* dereferenceable(272) %0, i8* %1) #1 

declare external dso_local default dereferenceable(272) %"class.std::basic_ostream"* @_ZNSolsEPFRSoS_E(%"class.std::basic_ostream"* %0, %"class.std::basic_ostream"* (%"class.std::basic_ostream"*)* %1) #1 

declare external dso_local default dereferenceable(272) %"class.std::basic_ostream"* @_ZSt4endlIcSt11char_traitsIcEERSt13basic_ostreamIT_T0_ES6_(%"class.std::basic_ostream"* dereferenceable(272) %0) #1 

define internal dso_preemptable default void @_GLOBAL__sub_I_hello.cc() #0 {
0:
    call void @__cxx_global_var_init() 
    ret void
}

attributes #0 = { noinline uwtable "correctly-rounded-divide-sqrt-fp-math"="false" "disable-tail-calls"="false" "frame-pointer"="all" "less-precise-fpmad"="false" "min-legal-vector-width"="0" "no-infs-fp-math"="false" "no-jump-tables"="false" "no-nans-fp-math"="false" "no-signed-zeros-fp-math"="false" "no-trapping-math"="false" "stack-protector-buffer-size"="8" "target-cpu"="x86-64" "target-features"="+cx8,+fxsr,+mmx,+sse,+sse2,+x87" "unsafe-fp-math"="false" "use-soft-float"="false" }
attributes #2 = { nounwind "correctly-rounded-divide-sqrt-fp-math"="false" "disable-tail-calls"="false" "frame-pointer"="all" "less-precise-fpmad"="false" "no-infs-fp-math"="false" "no-nans-fp-math"="false" "no-signed-zeros-fp-math"="false" "no-trapping-math"="false" "stack-protector-buffer-size"="8" "target-cpu"="x86-64" "target-features"="+cx8,+fxsr,+mmx,+sse,+sse2,+x87" "unsafe-fp-math"="false" "use-soft-float"="false" }
attributes #4 = { noinline norecurse optnone uwtable "correctly-rounded-divide-sqrt-fp-math"="false" "disable-tail-calls"="false" "frame-pointer"="all" "less-precise-fpmad"="false" "min-legal-vector-width"="0" "no-infs-fp-math"="false" "no-jump-tables"="false" "no-nans-fp-math"="false" "no-signed-zeros-fp-math"="false" "no-trapping-math"="false" "stack-protector-buffer-size"="8" "target-cpu"="x86-64" "target-features"="+cx8,+fxsr,+mmx,+sse,+sse2,+x87" "unsafe-fp-math"="false" "use-soft-float"="false" }
attributes #1 = { "correctly-rounded-divide-sqrt-fp-math"="false" "disable-tail-calls"="false" "frame-pointer"="all" "less-precise-fpmad"="false" "no-infs-fp-math"="false" "no-nans-fp-math"="false" "no-signed-zeros-fp-math"="false" "no-trapping-math"="false" "stack-protector-buffer-size"="8" "target-cpu"="x86-64" "target-features"="+cx8,+fxsr,+mmx,+sse,+sse2,+x87" "unsafe-fp-math"="false" "use-soft-float"="false" }
attributes #3 = { nounwind }
!llvm.ident = !{!1}
!0 = !{i32 1, !"wchar_size", i32 4}
!llvm.module.flags = !{!0}
!1 = !{!"clang version 10.0.0-4ubuntu1 "}

