---
source: src/ir/module/metadata/parser.rs
expression: "many1(parse(&Types::new()))(source)"

---
Ok(
    (
        "",
        [
            (
                llvm.module.flags,
                !{!0},
            ),
            (
                llvm.ident,
                !{!1},
            ),
            (
                0,
                !{i32 1, !"wchar_size", i32 4},
            ),
            (
                1,
                !{!"clang version 10.0.0-4ubuntu1 "},
            ),
            (
                llvm.module.flags,
                !{!0, !1, !2},
            ),
            (
                0,
                !{i32 7, !"PIC Level", i32 2},
            ),
            (
                1,
                !{i32 7, !"PIE Level", i32 2},
            ),
            (
                2,
                !{i32 2, !"RtLibUseGOT", i32 1},
            ),
            (
                3,
                !{},
            ),
            (
                4,
                !{i32 2849348},
            ),
            (
                4,
                !{i32 2849319},
            ),
            (
                4,
                !{i32 2849383},
            ),
        ],
    ),
)
